  E2a — 46 cong trinh trong quan the

    1/46 [ 95] Semantic enabled 6G LEO satellite communication for earth  toan van OK
    2/46 [115] Semantic communication enabled 6G-NTN framework: a novel d toan van OK
    3/46 [154] Cognitive semantic augmentation LEO satellite networks for toan van OK
    4/46 [113] Compressed learning-based onboard semantic compression for toan van OK
    5/46 [109] Channel code-book (CCB): semantic image-adaptive transmiss khong co ban arXiv khop tieu de
    6/46 [137] Doppler-adaptive digital semantic communication for low ea khong co ban arXiv khop tieu de
    7/46 [ 94] Importance-aware robust semantic transmission for LEO sate toan van OK
    8/46 [100] Semantic satellite communications for synchronized audiovi toan van OK
    9/46 [ 93] Semantic satellite communications based on generative foun toan van OK
   10/46 [161] Generative ai agents with large language model for satelli toan van OK
   11/46 [162] Generative semantic communication for efficient utilizatio khong co ban arXiv khop tieu de
   12/46 [ 81] Joint semantic coding and routing for multi-hop semantic t toan van OK
   13/46 [164] Semantic communication-aware end-to-end routing in large-s khong co ban arXiv khop tieu de
   14/46 [117] Semantic forwarding and codebook-enhanced model division m toan van OK
   15/46 [165] Semantic transmission framework in direct satellite commun toan van OK
   16/46 [116] Semantic-forward relaying: a novel framework towards 6G co toan van OK
   17/46 [167] Energy efficient probabilistic semantic communication over khong co ban arXiv khop tieu de
   18/46 [168] QoSem-based resource allocation for semantic communication khong co ban arXiv khop tieu de
   19/46 [170] A joint jscc-resource allocation framework for qos-aware s toan van OK
   20/46 [110] Semantics-aware updates from remote IoT devices to interco khong co ban arXiv khop tieu de
   21/46 [104] SemSpaceFL: a collaborative hierarchical federated learnin toan van OK
   22/46 [118] Semantic-aware task clustering for federated cooperative m toan van OK
   23/46 [171] Semantic communication in satellite-borne edge cloud netwo khong co ban arXiv khop tieu de
   24/46 [174] Semantics-empowered UAV-assisted wireless communication sy khong co ban arXiv khop tieu de
   25/46 [178] Robust semantic transmission for low-altitude UAVs: predic toan van OK
   26/46 [179] Context-aware information transfer via digital semantic co toan van OK
   27/46 [102] Knowledge graph driven UAV cognitive semantic communicatio toan van OK
   28/46 [180] Personalized saliency in task-oriented semantic communicat toan van OK
   29/46 [182] Resource allocation and intelligent trajectory optimizatio khong co ban arXiv khop tieu de
   30/46 [184] NOMA-based intelligent resource allocation and trajectory  khong co ban arXiv khop tieu de
   31/46 [186] Semantic-aware UAV command and control for efficient IoT d toan van OK
   32/46 [190] Low-altitude multi-uav-assisted data collection and semant toan van OK
   33/46 [191] Fair resource allocation in uav-based semantic communicati toan van OK
   34/46 [196] Federated learning semantic communication in UAV systems:  khong co ban arXiv khop tieu de
   35/46 [198] Resource allocation for semantic communication in ntn down khong co ban arXiv khop tieu de
   36/46 [199] Attention–based haps–to–ground nodes optimization for diff khong co ban arXiv khop tieu de
   37/46 [108] Goal-oriented communications for interplanetary and non-te toan van OK
   38/46 [200] Twinning for space-air-ground-sea integrated networks: bey toan van OK
   39/46 [202] Perception-aware offloading with collaborative ground–spac khong co ban arXiv khop tieu de
   40/46 [203] Aerial semantic relay-enabled SAGIN: joint UAV deployment  toan van OK
   41/46 [112] Deep reinforcement learning-based resource allocation for  toan van OK
   42/46 [204] Semantic-aware resource allocation in mec-assisted sagin:  khong co ban arXiv khop tieu de
   43/46 [114] Energy-efficient probabilistic semantic communication over toan van OK
   44/46 [205] Semantic communication for high-speed mobility scenarios:  khong co ban arXiv khop tieu de
   45/46 [206] Generative ai-aided vertical handover decision in sagin fo khong co ban arXiv khop tieu de
   46/46 [207] Satellite-aided low-altitude uav service migration with se khong co ban arXiv khop tieu de

  lay duoc toan van: 27/46 = 58.7%
  da ghi /Users/agentra/Documents/hao/working/paper-lab/hao-paper-2026/ntn-semcom-realism-audit/results/e2_fetch_population.json
