  E4 — 27 cong trinh co ma arXiv da khop tieu de

    1 [ 95] Semantic Enabled 6G LEO Satellite Communication for  5 tac gia
    2 [115] Semantic Communication Enabled 6G-NTN Framework: A N 6 tac gia
    3 [154] Cognitive Semantic Augmentation LEO Satellite Networ 10 tac gia
    4 [113] Compressed learning based onboard semantic compressi 2 tac gia
    5 [ 94] Importance-Aware Robust Semantic Transmission for LE 5 tac gia
    6 [100] Semantic Satellite Communications for Synchronized A 5 tac gia
    7 [ 93] Semantic Satellite Communications Based on Generativ 5 tac gia
    8 [161] Generative AI Agents with Large Language Model for S 8 tac gia
    9 [ 81] Joint Semantic Coding and Routing for Multi-Hop Sema 3 tac gia
   10 [117] Semantic Forwarding and Codebook-Enhanced Model Divi 10 tac gia
   11 [165] Semantic Transmission Framework in Direct Satellite  7 tac gia
   12 [116] Semantic-Forward Relaying: A Novel Framework Towards 5 tac gia
   13 [170] A Joint JSCC-Resource Allocation Framework for QoS-A 6 tac gia
   14 [104] SemSpaceFL: A Collaborative Hierarchical Federated L 6 tac gia
   15 [118] Semantic-Aware Task Clustering for Federated Coopera 5 tac gia
   16 [178] Robust Semantic Transmission for Low-Altitude UAVs:  3 tac gia
   17 [179] Context-Aware Information Transfer via Digital Seman 2 tac gia
   18 [102] Knowledge Graph Driven UAV Cognitive Semantic Commun 7 tac gia
   19 [180] Personalized Saliency in Task-Oriented Semantic Comm 7 tac gia
   20 [186] Semantic-Aware UAV Command and Control for Efficient 3 tac gia
   21 [190] Low-altitude Multi-UAV-assisted Data Collection and  8 tac gia
   22 [191] Fair Resource Allocation in UAV-based Semantic Commu 7 tac gia
   23 [108] Goal-Oriented Communications for Interplanetary and  2 tac gia
   24 [200] Twinning for Space-Air-Ground-Sea Integrated Network 5 tac gia
   25 [203] Aerial Semantic Relay-Enabled SAGIN: Joint UAV Deplo 6 tac gia
   26 [112] Deep Reinforcement Learning-Based Resource Allocatio 6 tac gia
   27 [114] Energy-Efficient Probabilistic Semantic Communicatio 6 tac gia

  xac minh: 27 · that bai: 0
  da ghi /Users/agentra/Documents/hao/working/paper-lab/hao-paper-2026/ntn-semcom-realism-audit/paper/refs-population.bib
